%
% a sample of docinfo
% this is overwritten by convbkmk.rb -o
%
\catcode`\@=0
@catcode`@\=12
@def@PDFTITLE{\376\377\060\104\060\215\060\104\060\215\170\272\060\113\060\201\060\146\060\177\060\213}
@def@PDFSUBJECT{\376\377\000\150\000\171\000\160\000\145\000\162\000\162\000\145\000\146\175\350}
@def@PDFAUTHOR{\376\377\124\015\161\041\000\040\152\051\121\165\210\133}
@def@PDFKEYWORDS{\376\377\000\124\000\145\000\130\000\073\000\040\000\144\000\166\000\151\000\160\000\163\000\073\000\040\000\144\000\166\000\151\000\160\000\144\000\146\000\155\000\170\000\073\000\040\000\142\000\157\000\157\000\153\000\155\000\141\000\162\000\153\000\073\000\040\000\150\000\171\000\160\000\145\000\162\000\162\000\145\000\146\000\073\000\040\060\127\060\112\060\212\000\073\000\040\314\105\254\010\325\074\000\073\000\040\000\160\000\144\000\146\000\073\000\040\040\041\000\061\000\060\000\060\040\254}
@catcode`@\=0
\catcode`\@=12
