\BOOKMARK [1][-]{section.1}{\376\377\000\061\000\040\003\261\003\262\003\263}{}% 1
\BOOKMARK [1][-]{section.2}{\376\377\000\062\000\040\004\060\004\061\004\062}{}% 2
\BOOKMARK [1][-]{section.3}{\376\377\000\063\000\040\060\273\060\257\060\267\060\347\060\363}{}% 3
\BOOKMARK [2][-]{subsection.3.1}{\376\377\000\063\000\056\000\061\000\040\060\265\060\326\060\273\060\257\060\267\060\347\060\363\000\050\142\354\137\047\000\051}{section.3}% 4
\BOOKMARK [1][-]{section.4}{\376\377\000\064\000\040\116\345\116\013\060\157\060\001\000\165\000\160\000\114\000\141\000\124\000\145\000\130\060\156\060\177}{}% 5
\BOOKMARK [2][-]{subsection.4.1}{\376\377\000\064\000\056\000\061\000\040\060\104\060\217\060\206\060\213\060\016\000\112\000\111\000\123\000\062\000\060\000\060\000\064\060\017\000\072\000\040\046\141\060\040\046\016\046\003\046\150\044\140\047\167\041\163\041\144\044\320\062\321}{section.4}% 6
\BOOKMARK [2][-]{subsection.4.2}{\376\377\000\064\000\056\000\062\000\040\000\105\000\170\000\164\000\145\000\156\000\163\000\151\000\157\000\156\000\040\000\102\000\040\000\050\000\102\000\115\000\120\131\026\000\051\060\156\145\207\133\127\000\072\000\040\330\101\336\050\330\123\335\024\330\132\335\121\330\137\337\267\330\145\336\177\060\152\060\151}{section.4}% 7
