\BOOKMARK [1][-]{section.1}{1 αβγ}{}% 1
\BOOKMARK [1][-]{section.2}{2 абв}{}% 2
\BOOKMARK [1][-]{section.3}{3 セクション}{}% 3
\BOOKMARK [2][-]{subsection.3.1}{3.1 サブセクション\(括弧\)}{section.3}% 4
\BOOKMARK [1][-]{section.4}{4 以下は、upLaTeXのみ}{}% 5
\BOOKMARK [2][-]{subsection.4.1}{4.1 いわゆる『JIS2004』: ♡〠☎☃♨①❷ⅳⅤⓐ㋑}{section.4}% 6
\BOOKMARK [2][-]{subsection.4.2}{4.2 Extension B \(BMP外\)の文字: 𠘨𤴔𦥑𧾷𩙿など}{section.4}% 7
