\BOOKMARK [1][-]{section.1}{1 αβγ}{}% 1
\BOOKMARK [1][-]{section.2}{2 абв}{}% 2
\BOOKMARK [1][-]{section.3}{3 セクション}{}% 3
\BOOKMARK [2][-]{subsection.3.1}{3.1 サブセクション\(括弧\)}{section.3}% 4
