\BOOKMARK [1][-]{section.1}{\376\377\000\061\000\040\003\261\003\262\003\263}{}% 1
\BOOKMARK [1][-]{section.2}{\376\377\000\062\000\040\004\060\004\061\004\062}{}% 2
\BOOKMARK [1][-]{section.3}{\376\377\000\063\000\040\060\273\060\257\060\267\060\347\060\363}{}% 3
\BOOKMARK [2][-]{subsection.3.1}{\376\377\000\063\000\056\000\061\000\040\060\265\060\326\060\273\060\257\060\267\060\347\060\363\000\050\142\354\137\047\000\051}{section.3}% 4
